// Jest Snapshot v1, https://goo.gl/fbAQLP

exports[`<Subscribe /> should render and match the snapshot 1`] = `
<React.Fragment>
  <Helmet
    defer={true}
    encodeSpecialCharacters={true}
  >
    <title />
    <meta
      content=""
      name="description"
    />
  </Helmet>
  <NavBar />
  <Subscribe__Wrapper>
    <h1>
      Susbscribe
    </h1>
    <Subscribe__Form>
      <FormLabel
        htmlFor="email"
      >
        Email
      </FormLabel>
      <Input
        name="email"
        onChange={[Function]}
        type="text"
        value=""
      />
      <FormLabel
        htmlFor="postalCode"
      >
        Postal code
      </FormLabel>
      <Input
        name="postalCode"
        onChange={[Function]}
        type="text"
        value=""
      />
      <Button
        onClick={[Function]}
        type="submit"
      >
        Submit
      </Button>
    </Subscribe__Form>
  </Subscribe__Wrapper>
</React.Fragment>
`;
